// Vitest Snapshot v1, https://vitest.dev/guide/snapshot.html

exports[`oxfmt/oxfmt > invalid > Invalid #0: .btn{color:red} 1`] = `
[
  {
    "column": 5,
    "endColumn": 15,
    "endLine": 1,
    "fix": {
      "range": [
        4,
        14,
      ],
      "text": " {
  color: red;
",
    },
    "line": 1,
    "message": "Replace \`{color:red\` with \`·{⏎··color:·red;⏎\`",
    "messageId": "replace",
    "ruleId": "oxfmt/oxfmt",
    "severity": 2,
  },
]
`;
