// Vitest Snapshot v1, https://vitest.dev/guide/snapshot.html

exports[`oxfmt/oxfmt > invalid > Invalid #0: {"name":"foo","list":[1,2,3]} 1`] = `
[
  {
    "column": 2,
    "endColumn": 29,
    "endLine": 1,
    "fix": {
      "range": [
        1,
        28,
      ],
      "text": " "name": "foo", "list": [1, 2, 3] ",
    },
    "line": 1,
    "message": "Replace \`"name":"foo","list":[1,2,3]\` with \`·"name":·"foo",·"list":·[1,·2,·3]·\`",
    "messageId": "replace",
    "ruleId": "oxfmt/oxfmt",
    "severity": 2,
  },
]
`;
