// Vitest Snapshot v1, https://vitest.dev/guide/snapshot.html

exports[`file: ts > invalid > Invalid #0: const numbers: number[] = [1,2,3] 1`] = `
[
  {
    "column": 30,
    "endColumn": 32,
    "endLine": 1,
    "fix": {
      "range": [
        29,
        31,
      ],
      "text": " 2, ",
    },
    "line": 1,
    "message": "Replace \`2,\` with \`·2,·\`",
    "messageId": "replace",
    "nodeType": null,
    "ruleId": "file: ts",
    "severity": 2,
  },
]
`;
