// Vitest Snapshot v1, https://vitest.dev/guide/snapshot.html

exports[`should lint work > ts.ts 1`] = `
[
  {
    "column": 13,
    "endColumn": 28,
    "endLine": 4,
    "fix": {
      "range": [
        49,
        64,
      ],
      "text": "'hello world')",
    },
    "line": 4,
    "message": "Replace \`"hello·world");\` with \`'hello·world')\`",
    "messageId": "replace",
    "ruleId": "oxfmt/oxfmt",
    "severity": 2,
  },
  {
    "column": 1,
    "endColumn": 5,
    "endLine": 7,
    "fix": {
      "range": [
        81,
        85,
      ],
      "text": "",
    },
    "line": 7,
    "message": "Delete \`····\`",
    "messageId": "delete",
    "ruleId": "oxfmt/oxfmt",
    "severity": 2,
  },
  {
    "column": 22,
    "endColumn": 23,
    "endLine": 10,
    "fix": {
      "range": [
        149,
        150,
      ],
      "text": "",
    },
    "line": 10,
    "message": "Delete \`;\`",
    "messageId": "delete",
    "ruleId": "oxfmt/oxfmt",
    "severity": 2,
  },
  {
    "column": 5,
    "endColumn": 95,
    "endLine": 13,
    "fix": {
      "range": [
        174,
        264,
      ],
      "text": "
  reallyLongArg(),
  omgSoManyParameters(),
  IShouldRefactorThis(),
  isThereSeriouslyAnotherOne(),
)",
    },
    "line": 13,
    "message": "Replace \`reallyLongArg(),omgSoManyParameters(),IShouldRefactorThis(),isThereSeriouslyAnotherOne());\` with \`⏎··reallyLongArg(),⏎··omgSoManyParameters(),⏎··IShouldRefactorThis(),⏎··isThereSeriouslyAnotherOne(),⏎)\`",
    "messageId": "replace",
    "ruleId": "oxfmt/oxfmt",
    "severity": 2,
  },
  {
    "column": 15,
    "endColumn": 18,
    "endLine": 16,
    "fix": {
      "range": [
        304,
        307,
      ],
      "text": "n",
    },
    "line": 16,
    "message": "Replace \`(n)\` with \`n\`",
    "messageId": "replace",
    "ruleId": "oxfmt/oxfmt",
    "severity": 2,
  },
  {
    "column": 3,
    "endColumn": 19,
    "endLine": 26,
    "fix": {
      "range": [
        442,
        458,
      ],
      "text": "name: 'foobar',",
    },
    "line": 26,
    "message": "Replace \`'name':·'foobar'\` with \`name:·'foobar',\`",
    "messageId": "replace",
    "ruleId": "oxfmt/oxfmt",
    "severity": 2,
  },
]
`;
